// Jest Snapshot v1, https://goo.gl/fbAQLP

exports[`Hall renders properly 1`] = `ShallowWrapper {}`;

exports[`Hall when props are received renders properly 1`] = `ShallowWrapper {}`;

exports[`Hall when waiting for props renders properly 1`] = `ShallowWrapper {}`;
