// Jest Snapshot v1, https://goo.gl/fbAQLP

exports[`OrderInfo renders properly 1`] = `ShallowWrapper {}`;
