// Jest Snapshot v1, https://goo.gl/fbAQLP

exports[`Row renders properly 1`] = `ShallowWrapper {}`;
