// Jest Snapshot v1, https://goo.gl/fbAQLP

exports[`AppNav renders properly 1`] = `ShallowWrapper {}`;
